[www.android.com/index.html]
[backblue.gif]
[fade.gif]
[index.html]
[www.android.com/=w16.0.delayed]
[www.android.com/intl/de_de/index.html]
[www.android.com/intl/de_be/index.html]
[www.android.com/intl/da_dk/index.html]
[www.android.com/=w32.1.delayed]
[www.android.com/intl/en_au/index.html]
[www.android.com/intl/en_be/index.html]
[www.android.com/=w180.2.delayed]
[www.android.com/intl/en_ca/index.html]
[www.android.com/intl/en_hk/index.html]
[www.android.com/static/img/favicon0e03.ico]
[www.android.com/intl/en_ie/index.html]
[www.android.com/intl/en_in/index.html]
[www.android.com/intl/en_nz/index.html]
[www.android.com/static/_fonts/roboto-v20-latin-300.woff2]
[www.android.com/intl/en_ph/index.html]
[www.android.com/intl/en_uk/index.html]
[www.android.com/static/_fonts/roboto-v20-latin-300.woff]
[www.android.com/intl/es_es/index.html]
[www.android.com/static/_fonts/roboto-v20-latin-regular.woff2]
[www.android.com/intl/es_us/index.html]
[www.android.com/intl/es-419_mx/index.html]
[www.android.com/static/_fonts/roboto-v20-latin-regular.woff]
[www.android.com/static/_fonts/roboto-v20-latin-500.woff2]
[www.android.com/intl/fil_ph/index.html]
[www.android.com/intl/fr_be/index.html]
[www.android.com/intl/fr_ca/index.html]
[www.android.com/static/_fonts/roboto-v20-latin-500.woff]
[www.android.com/static/_fonts/roboto-v20-latin-700.woff2]
[www.android.com/intl/id_id/index.html]
[www.android.com/intl/fr_fr/index.html]
[www.android.com/static/_fonts/roboto-v20-latin-700.woff]
[www.android.com/intl/hi_in/index.html]
[www.android.com/intl/it_it/index.html]
[www.android.com/static/_fonts/roboto-v20-latin_cyrillic-300.woff2]
[www.android.com/intl/ja_jp/index.html]
[www.android.com/static/_fonts/roboto-v20-latin_cyrillic-300.woff]
[www.android.com/intl/nl_be/index.html]
[www.android.com/intl/ko_kr/index.html]
[www.android.com/static/_fonts/roboto-v20-latin_cyrillic-regular.woff2]
[www.android.com/intl/nl_nl/index.html]
[www.android.com/intl/no_no/index.html]
[www.android.com/static/_fonts/roboto-v20-latin_cyrillic-regular.woff]
[www.android.com/intl/pl_pl/index.html]
[www.android.com/static/_fonts/roboto-v20-latin_cyrillic-500.woff2]
[www.android.com/intl/pt_br/index.html]
[www.android.com/intl/pt_pt/index.html]
[www.android.com/static/_fonts/roboto-v20-latin_cyrillic-500.woff]
[www.android.com/intl/ru_ru/index.html]
[www.android.com/static/_fonts/roboto-v20-latin_cyrillic-700.woff2]
[www.android.com/intl/sv_se/index.html]
[www.android.com/intl/th_th/index.html]
[www.android.com/static/_fonts/roboto-v20-latin_cyrillic-700.woff]
[www.android.com/static/_fonts/GoogleSans-Regular.woff2]
[www.android.com/intl/tr_tr/index.html]
[www.android.com/intl/vi_vn/index.html]
[www.android.com/static/_fonts/GoogleSans-Regular.woff]
[www.android.com/intl/zh-CN_cn/index.html]
[www.android.com/static/_fonts/GoogleSans-Medium.woff2]
[www.android.com/intl/zh-TW_tw/index.html]
[www.android.com/intl/zh-HK_hk/index.html]
[www.android.com/static/_fonts/GoogleSans-Medium.woff]
[www.android.com/static/_fonts/GoogleSans-Bold.woff2]
[www.android.com/static/_fonts/GoogleSans-Bold.woff]
[www.android.com/static/_js/tracking.min075b.js]
[www.android.com/static/_js/cookie-banner.mind8ec.js]
[www.android.com/static/_js/sticky-dialog.min.js]
[www.android.com/static/_js/survey.min.js]
[www.android.com/android-14/index.html]
[www.android.com/static/_js/home.mina04e.js]
[www.android.com/index.html]
[www.android.com/safety/index.html]
[www.android.com/ai/index.html]
[www.android.com/intl/da_dk/=w16.23.delayed]
[www.android.com/accessibility/index.html]
[www.android.com/enterprise/index.html]
[www.android.com/google-messages/index.html]
[www.android.com/auto/index.html]
[www.android.com/intl/da_dk/=w32.24.delayed]
[www.android.com/better-together/quick-share-app/index.html]
[www.android.com/why-android/index.html]
[www.android.com/intl/da_dk/=w180.25.delayed]
[www.android.com/phones/help-me-choose/index.html]
[www.android.com/transfer-data-android-to-android/index.html]
[www.android.com/switch-to-android/index.html]
[www.android.com/intl/da_dk/index.html]
[www.android.com/static/img/a14/android-logo423f.svg]
[www.android.com/tablets/index.html]
[www.android.com/phones/index.html]
[www.android.com/better-together/index.html]
[www.android.com/intl/de_be/=w16.27.delayed]
[www.android.com/build-android-bot/index.html]
[www.android.com/new-features-on-android/index7d89.html]
[www.android.com/android-15-games/index.html]
[www.android.com/intl/de_be/=w32.28.delayed]
[www.android.com/safety/security/index.html]
[www.android.com/accessibility/vision/index.html]
[www.android.com/learn-find-my-device/index.html]
[www.android.com/intl/de_be/=w180.29.delayed]
[www.android.com/intl/de_be/index.html]
[www.android.com/safety/privacy/index.html]
[www.android.com/tv/index.html]
[www.android.com/accessibility/mobility/index.html]
[www.android.com/safety/physical-safety/index.html]
[www.android.com/accessibility/audio/index.html]
[www.android.com/intl/de_de/=w16.2a.delayed]
[www.android.com/articles/transfer-contacts/index.html]
[www.android.com/get-the-message/index.html]
[www.android.com/gms/index.html]
[www.android.com/intl/de_de/=w32.2b.delayed]
[www.android.com/enterprise/resources/index.html]
[www.android.com/enterprise/devices/index.html]
[www.android.com/intl/de_de/=w180.2c.delayed]
[www.android.com/intl/da_dk/enterprise/index.html]
[www.android.com/intl/de_de/index.html]
[www.android.com/intl/da_dk/accessibility/index.html]
[www.android.com/intl/da_dk/auto/index.html]
[www.android.com/intl/en_au/=w16.2d.delayed]
[www.android.com/intl/da_dk/better-together/quick-share-app/index.html]
[www.android.com/intl/da_dk/android-14/index.html]
[www.android.com/intl/da_dk/safety/index.html]
[www.android.com/intl/en_au/=w32.2e.delayed]
[www.android.com/intl/da_dk/why-android/index.html]
[www.android.com/intl/da_dk/phones-tablets/index.html]
[www.android.com/intl/en_au/=w180.2f.delayed]
[www.android.com/intl/da_dk/switch-to-android/index.html]
[www.android.com/intl/en_au/index.html]
[www.android.com/intl/da_dk/build-android-bot/index.html]
[www.android.com/intl/da_dk/better-together/index.html]
[www.android.com/intl/en_be/=w16.30.delayed]
[www.android.com/intl/da_dk/safety/physical-safety/index.html]
[www.android.com/intl/en_be/=w32.31.delayed]
[www.android.com/intl/da_dk/safety/privacy/index.html]
[www.android.com/intl/da_dk/safety/security/index.html]
[www.android.com/intl/en_be/=w180.32.delayed]
[www.android.com/intl/da_dk/learn-find-my-device/index.html]
[www.android.com/intl/en_be/index.html]
[www.android.com/intl/da_dk/accessibility/vision/index.html]
[www.android.com/intl/da_dk/tv/index.html]
[www.android.com/intl/da_dk/accessibility/mobility/index.html]
[www.android.com/intl/en_ca/=w16.33.delayed]
[www.android.com/intl/da_dk/accessibility/audio/index.html]
[www.android.com/intl/da_dk/enterprise/devices/index.html]
[www.android.com/intl/en_ca/=w32.34.delayed]
[www.android.com/intl/da_dk/enterprise/resources/index.html]
[www.android.com/intl/da_dk/gms/index.html]
[www.android.com/intl/en_ca/=w180.35.delayed]
[www.android.com/intl/de_be/enterprise/index.html]
[www.android.com/intl/en_ca/index.html]
[www.android.com/intl/de_be/auto/index.html]
[www.android.com/intl/de_be/android-14/index.html]
[www.android.com/intl/de_be/better-together/quick-share-app/index.html]
[www.android.com/intl/de_be/accessibility/index.html]
[www.android.com/intl/de_be/safety/index.html]
[www.android.com/intl/en_hk/=w16.36.delayed]
[www.android.com/intl/de_be/phones-tablets/index.html]
[www.android.com/intl/de_be/phones/index.html]
[www.android.com/intl/de_be/switch-to-android/index.html]
[www.android.com/intl/de_be/why-android/index.html]
[www.android.com/intl/en_hk/=w32.37.delayed]
[www.android.com/intl/de_be/build-android-bot/index.html]
[www.android.com/intl/de_be/better-together/index.html]
[www.android.com/intl/en_hk/=w180.38.delayed]
